// Jest Snapshot v1, https://goo.gl/fbAQLP

exports[`renders and matches our snapshot 1`] = `
<div
  className="HelloWorldFunctional"
>
  Hola
   
  Person
  !
  <br />
  <button
    className="frenchify"
    onClick={[Function]}
  >
    Frenchify!
  </button>
  <br />
  <button
    className="remove"
    onClick={[Function]}
  >
    Remove Me!
  </button>
</div>
`;
